Stage: collect responses cache (skipped; collection.cached_responses_path is not set)
Stage: collect evaluations (skipped; collection.enabled=False)
Stage: train + eigentrust
Epoch   1, Loss = 1.0809
Epoch   2, Loss = 1.0489
Epoch   3, Loss = 1.0221
Epoch   4, Loss = 1.0007
Epoch   5, Loss = 0.9841
Epoch   6, Loss = 0.9710
Epoch   7, Loss = 0.9607
Epoch   8, Loss = 0.9527
Epoch   9, Loss = 0.9465
Epoch  10, Loss = 0.9416
Epoch  11, Loss = 0.9379
Epoch  12, Loss = 0.9350
Epoch  13, Loss = 0.9328
Epoch  14, Loss = 0.9311
Epoch  15, Loss = 0.9298
Epoch  16, Loss = 0.9287
Epoch  17, Loss = 0.9280
Epoch  18, Loss = 0.9275
Epoch  19, Loss = 0.9270
Epoch  20, Loss = 0.9267
Epoch  21, Loss = 0.9264
Epoch  22, Loss = 0.9262
Epoch  23, Loss = 0.9261
Epoch  24, Loss = 0.9259
Epoch  25, Loss = 0.9258
Epoch  26, Loss = 0.9257
Epoch  27, Loss = 0.9257
Epoch  28, Loss = 0.9257
Epoch  29, Loss = 0.9256
loss converged, breaking
Loss plot saved to /home/t-sutradhara/misalignment-subliminal-learning/outputs/eigenbench_runs/kindness_teacher_student_base/btd_d2/training_loss.png
Model saved to /home/t-sutradhara/misalignment-subliminal-learning/outputs/eigenbench_runs/kindness_teacher_student_base/btd_d2/model.pt
u/v PCA plot saved to /home/t-sutradhara/misalignment-subliminal-learning/outputs/eigenbench_runs/kindness_teacher_student_base/btd_d2/uv_embeddings_pca.png
EigenBench plot saved to /home/t-sutradhara/misalignment-subliminal-learning/outputs/eigenbench_runs/kindness_teacher_student_base/btd_d2/eigenbench.png
Finished dim=2; outputs in /home/t-sutradhara/misalignment-subliminal-learning/outputs/eigenbench_runs/kindness_teacher_student_base/btd_d2
