Stage: collect responses cache (skipped; collection.cached_responses_path is not set)
Stage: collect evaluations (skipped; collection.enabled=False)
Stage: train + eigentrust
Epoch   1, Loss = 1.0219
Epoch   2, Loss = 0.9593
Epoch   3, Loss = 0.9498
Epoch   4, Loss = 0.9488
Epoch   5, Loss = 0.9487
Epoch   6, Loss = 0.9487
Epoch   7, Loss = 0.9487
Epoch   8, Loss = 0.9487
Epoch   9, Loss = 0.9487
Epoch  10, Loss = 0.9487
Epoch  11, Loss = 0.9487
Epoch  12, Loss = 0.9488
loss converged, breaking
Loss plot saved to /home/t-sutradhara/misalignment-subliminal-learning/outputs/eigenbench_runs/kindness_teacher_student_base_askreddit/btd_d2/training_loss.png
Model saved to /home/t-sutradhara/misalignment-subliminal-learning/outputs/eigenbench_runs/kindness_teacher_student_base_askreddit/btd_d2/model.pt
u/v PCA plot saved to /home/t-sutradhara/misalignment-subliminal-learning/outputs/eigenbench_runs/kindness_teacher_student_base_askreddit/btd_d2/uv_embeddings_pca.png
EigenBench plot saved to /home/t-sutradhara/misalignment-subliminal-learning/outputs/eigenbench_runs/kindness_teacher_student_base_askreddit/btd_d2/eigenbench.png
Finished dim=2; outputs in /home/t-sutradhara/misalignment-subliminal-learning/outputs/eigenbench_runs/kindness_teacher_student_base_askreddit/btd_d2
